## Docker Swarm

# Tenim 3 maquines instal.lades amb centos 7 i docker

# Xarxa:

# manager: 

manager: dock0: 172.20.16.91
worker1: dock1: 172.20.16.92
worker2: dock2: 172.20.16.93

A tots tres hem afegit la regla de firewall:

firewall-cmd --add-rich-rule='rule family=ipv4 source address=172.20.16.0/24 accept' --permanent


# Al manager inicialitzem el swarm: 

[root@dock0 ~]# docker swarm init --advertise-addr 172.20.16.91
Swarm initialized: current node (bhcmk3hacntes6onmjixb9afx) is now a manager.

To add a worker to this swarm, run the following command:

    docker swarm join --token SWMTKN-1-2r6fu2yf60qlcnncaphdi7ckp0rh7rhqsq6xtq7110swt4h57j-4i5igxiafahzlgyu6pe7vidst 172.20.16.91:2377

To add a manager to this swarm, run 'docker swarm join-token manager' and follow the instructions.

[root@dock0 ~]#

# comprovem

[root@dock0 ~]# docker info | grep -i swarm
WARNING: devicemapper: usage of loopback devices is strongly discouraged for production use.
         Use `--storage-opt dm.thinpooldev` to specify a custom block storage device.
Swarm: active
[root@dock0 ~]#

[root@dock0 ~]# docker node ls
ID                            HOSTNAME            STATUS              AVAILABILITY        MANAGER STATUS
bhcmk3hacntes6onmjixb9afx *   dock0               Ready               Active              Leader
[root@dock0 ~]#


# anem a un dels workers i executem la comanda anterior

[root@dock1 ~]# docker swarm join --token SWMTKN-1-2r6fu2yf60qlcnncaphdi7ckp0rh7rhqsq6xtq7110swt4h57j-4i5igxiafahzlgyu6pe7vidst 172.20.16.91:2377
This node joined a swarm as a worker.
[root@dock1 ~]#

#si haguessim perdut la linea del token i no sabem que hem de fer, podriem executar, desde el manager:

docker swarm join-token worker

# i ens donaria les intruccions

# fem el mateix al worker2, quan esta afegit veiem al manager:

[root@dock0 ~]# docker node ls
ID                            HOSTNAME            STATUS              AVAILABILITY        MANAGER STATUS
bhcmk3hacntes6onmjixb9afx *   dock0               Ready               Active              Leader
8pbzb0kiyg7y4gpe1jv9oslyu     dock1               Ready               Active              
o3q9iuvm1ey65lsavlcclddkd     dock2               Ready               Active              
[root@dock0 ~]# 


# deploy de un servei

#A manager1


[root@dock0 ~]# docker service create --replicas 1 --name helloworld alpine ping docker.com
yxqkqhw7j4vf2j3c9wjcys5oa
overall progress: 1 out of 1 tasks 
1/1: running   
verify: Service converged 
[root@dock0 ~]#

# mirem que esta en marxa

[root@dock0 ~]# docker service ls
ID                  NAME                MODE                REPLICAS            IMAGE               PORTS
yxqkqhw7j4vf        helloworld          replicated          1/1                 alpine:latest       
[root@dock0 ~]#


# inspect the service

[root@dock0 ~]# docker service inspect --pretty helloworld

ID:		yxqkqhw7j4vf2j3c9wjcys5oa
Name:		helloworld
Service Mode:	Replicated
 Replicas:	1
Placement:
UpdateConfig:
 Parallelism:	1
 On failure:	pause
 Monitoring Period: 5s
 Max failure ratio: 0
 Update order:      stop-first
RollbackConfig:
 Parallelism:	1
 On failure:	pause
 Monitoring Period: 5s
 Max failure ratio: 0
 Rollback order:    stop-first
ContainerSpec:
 Image:		alpine:latest@sha256:7df6db5aa61ae9480f52f0b3a06a140ab98d427f86d8d5de0bedab9b8df6b1c0
 Args:		ping docker.com 
Resources:
Endpoint Mode:	vip
[root@dock0 ~]#


# amb docker service ps veiem quins nodes estan fent la feina

[root@dock0 ~]# docker service ps helloworld
ID                  NAME                IMAGE               NODE                DESIRED STATE       CURRENT STATE           ERROR               PORTS
kvd38wlawgqi        helloworld.1        alpine:latest       dock1               Running             Running 2 minutes ago                       
[root@dock0 ~]# 

# podem anar a dock1 i mirar


[root@dock1 ~]# docker ps
CONTAINER ID        IMAGE               COMMAND             CREATED             STATUS              PORTS               NAMES
c1238fa443c6        alpine:latest       "ping docker.com"   2 minutes ago       Up 2 minutes                            helloworld.1.kvd38wlawgqixrvfmpg030ucl
[root@dock1 ~]#


# Canviem l'escala del servei 


[root@dock0 ~]# docker service scale helloworld=5
helloworld scaled to 5
overall progress: 5 out of 5 tasks 
1/5: running   
2/5: running   
3/5: running   
4/5: running   
5/5: running   
verify: Service converged 
[root@dock0 ~]#

# ara mirem

[root@dock0 ~]# docker service ps helloworld
ID                  NAME                IMAGE               NODE                DESIRED STATE       CURRENT STATE            ERROR               PORTS
kvd38wlawgqi        helloworld.1        alpine:latest       dock1               Running             Running 3 minutes ago                        
ovy1sruumitp        helloworld.2        alpine:latest       dock0               Running             Running 24 seconds ago                       
qbyg87iv4kqh        helloworld.3        alpine:latest       dock2               Running             Running 23 seconds ago                       
oaljhj6pyn6j        helloworld.4        alpine:latest       dock2               Running             Running 23 seconds ago                       
amz3t0kjaw5u        helloworld.5        alpine:latest       dock1               Running             Running 32 seconds ago                       
[root@dock0 ~]#


# els 5 processos s'ha repartit entre els 2 workers i el manager 
# ens carreguem el servei

[root@dock0 ~]# docker service rm helloworld
helloworld
[root@dock0 ~]#
# podem posar un node en drain (com a l'slurm)

docker node update --availability drain worker1

# el podem tornar a posar actiu

docker node update --availability active worker1

# routing mesh: publicar ports dels nodes fora del swarm

  docker service create \
  --name my-web \
  --publish published=8080,target=80 \
  --replicas 2 \
  nginx

# aquesta comanda engega 2 contenidor de nginx al swarm, accessible al port 8080 dels nodes del swarm   (published: es el port del node on es mapeja el target port del contenidor)

# Mirem
[root@dock0 ~]# docker service ls
ID                  NAME                MODE                REPLICAS            IMAGE               PORTS
tk0nktf2doch        my-web              replicated          2/2                 nginx:latest        *:8080->80/tcp
[root@dock0 ~]# 


ot@dock0 ~]# docker service ps my-web
ID                  NAME                IMAGE               NODE                DESIRED STATE       CURRENT STATE                ERROR               PORTS
lrv8zyl3zs9j        my-web.1            nginx:latest        dock1               Running             Running about a minute ago                       
v9g1h26meahv        my-web.2            nginx:latest        dock0               Running             Running about a minute ago                       
[root@dock0 ~]# 


# veiem que hi ha un nginx a dock0 i un nginx a dock1, pero si anem a dock2, podem accedir al servei:

[alfons@moebius ~]$ curl dock2:8080
<!DOCTYPE html>
<html>
<head>
<title>Welcome to nginx!</title>
<style>
    body {
        width: 35em;
        margin: 0 auto;
        font-family: Tahoma, Verdana, Arial, sans-serif;
    }
</style>
</head>
<body>
<h1>Welcome to nginx!</h1>
<p>If you see this page, the nginx web server is successfully installed and
working. Further configuration is required.</p>

<p>For online documentation and support please refer to
<a href="http://nginx.org/">nginx.org</a>.<br/>
Commercial support is available at
<a href="http://nginx.com/">nginx.com</a>.</p>

<p><em>Thank you for using nginx.</em></p>
</body>
</html>
[alfons@moebius ~]$ 

# es podria configurar un HAProxy per balancejar la carrega del server nginx entre els tres nodes del swarm (manager i workers)

# anem a engegar un apache al swarm, pero volem que agafi les dades d'un volum (per controlar el contingut de /usr/local/apache2/ localment) 

# Per a que els tres nodes del swarm puguin veure el mateix contingut, farem servir un volum NFS:

# Preparem el server NFS:

[root@pursang ~]# mkdir /data/swarm/web1
[root@pursang ~]# grep swarm /etc/exports
/data/swarm/web1 172.20.16.91(rw,async,no_root_squash) 172.20.16.92(rw,async,no_root_squash) 172.20.16.93(rw,async,no_root_squash)
[root@pursang ~]#
[root@pursang ~]# exportfs -rv

# creem el volum de docker:

[root@dock0 ~]# docker volume create --driver local --opt type=nfs --opt o=172.20.16.223,rw --opt device=:/data/swarm/web1 web1-data
web1-data
[root@dock0 ~]# 

# ara creem el servei 


[root@dock0 ~]# docker service create --mount src=web1-data,dst=/usr/local/apache2 --name web1 --publish published=8080,target=80 --replicas 2 httpd
xw9k0hmzumaigvc5rxi4oma5b
overall progress: 2 out of 2 tasks 
1/2: running   [==================================================>] 
2/2: running   [==================================================>] 
verify: Service converged 
[root@dock0 ~]# 

[root@dock0 ~]# docker service ls
ID                  NAME                MODE                REPLICAS            IMAGE               PORTS
xw9k0hmzumai        web1                replicated          2/2                 httpd:latest        *:8080->80/tcp
[root@dock0 ~]# docker service ps web1
ID                  NAME                IMAGE               NODE                DESIRED STATE       CURRENT STATE            ERROR               PORTS
xu08ld1cnown        web1.1              httpd:latest        dock1               Running             Running 39 seconds ago                       
y4hr66gron32        web1.2              httpd:latest        dock2               Running             Running 33 seconds ago                       
[root@dock0 ~]#

# esta funcionant:

[alfons@moebius ~]$ curl dock2:8080
<html><body><h1>It works!</h1></body></html>
[alfons@moebius ~]$

Pero el volum no sembla que tingui les dades de /usr/local/apache2...

[root@pursang ~]# ls /data/swarm/web1/
[root@pursang ~]# 

M'ho carrego tot i torno a crear-ho, aquest cop fent:

[root@dock0 ~]# docker volume create --driver local --opt type=nfs --opt o=addr=172.20.16.223,rw --opt device=:/data/swarm/web1 web1-data
web1-data
[root@dock0 ~]#

[root@dock0 ~]# docker volume inspect web1-data
[
    {
        "CreatedAt": "2018-01-30T11:53:09+01:00",
        "Driver": "local",
        "Labels": {},
        "Mountpoint": "/var/lib/docker/volumes/web1-data/_data",
        "Name": "web1-data",
        "Options": {
            "device": ":/data/swarm/web1",
            "o": "addr=172.20.16.223,rw",
            "type": "nfs"
        },
        "Scope": "local"
    }
]
[root@dock0 ~]#


[root@dock0 ~]# docker service create --mount src=web1-data,dst=/usr/local/apache2 --name web1 --publish published=8080,target=80 --replicas 2 httpd
crrr8n6d7jlgu3z3s9bjtpxzh
overall progress: 2 out of 2 tasks 
1/2: running   [==================================================>] 
2/2: running   [==================================================>] 
verify: Service converged 
[root@dock0 ~]#

[root@dock0 ~]# docker service ps web1
ID                  NAME                IMAGE               NODE                DESIRED STATE       CURRENT STATE            ERROR               PORTS
nk4wbyqzvm7a        web1.1              httpd:latest        dock0               Running             Running 25 seconds ago                       
6sqxrer20xni        web1.2              httpd:latest        dock1               Running             Running 30 seconds ago                       
[root@dock0 ~]#


[root@pursang ~]# ls /data/swarm/web1
bin  build  cgi-bin  conf  error  htdocs  icons  include  logs  modules
[root@pursang ~]#

[root@pursang ~]# cat  /data/swarm/web1/htdocs/index.html 
<html><body><h1>Web1 funcionant al docker swarm</h1></body></html>
[root@pursang ~]# 

# Accedim desde fora:

[alfons@moebius ~]$ curl dock2:8080
<html><body><h1>Web1 funcionant al docker swarm</h1></body></html>
[alfons@moebius ~]$ 


